# NICS Firearm Background Checks 

# November - 2015 

||||||||||||**Pre-P**|**awn**|||||**Redemption**||||**R**|**etu**|**rned/D**|**isposit**|**ion**|**Rentals**||**Private Sale**|||**Ret**|**urn**|**to Sell**|**er - Pri**|**vate Sa**|**le**|||
|---|---|---|---|---|---|---|---|---|---|---|---|---|---|---|---|---|---|---|---|---|---|---|---|---|---|---|---|---|---|---|---|---|---|---|---|---|---|---|
|**State / Territory**<br>|Permit<br>|Hand<br>|gun<br><br>|LongGun<br>|*Other<br>|**Multipl<br><br>|e<br>Ad<br>|min<br>|Handgun<br>||Long|Gun<br>|<br>|*Oth|er<br>|Handgun<br>|LongGun<br><br>|*Other<br>||Hand|gun||Long|Gun<br>|*Other<br>|Handgun<br>Long|Gun<br>Handgun<br>|LongGun<br>|*Other||Handgu|n<br>|Lon|gGun<br>|*O|ther||Totals<br>|
|Alabama<br>|18,870<br>|23<br>|,022<br>|22,650<br>|859<br>|1,17<br><br>|8<br>|0<br>|1<br>|4<br>||1<br>|5<br>||0<br>|2,179<br>|2,307<br>|1|1<br>|||0<br>||0<br>|0<br>||13<br>|14<br>||0<br>||3<br>||2<br>|||0<br>|71,137<br>|
|Alaska|209||,062|3,209|19|18||0|||||3||0|100|100||0|||8||9|1||0|0||0||0||0|||0|7,095|
|Arizona|2,303|12|,382|9,041|707|61|8|0||5|||3||0|1,273|648||4||7|6||8|1||9|6||1||1||1|||0|27,087|
|Arkansas|3298|6|359|11611|168|37|6|0|1|2|||6||1|922|2275||1|||0||0|0||6|12||1||0||0|||0|25048|
|California|,<br>98 452|41|,<br>181|,<br>35 007|4 559|<br>|0|0||0|||0||0|480|,<br>433||4|||0||0|0||0|0||0||0||0|||0|,<br>180 116|
|Colorado|4,144|19|,784|16,082|932|1,15|1|0||0|||0||0|0|0||0||14|4||34|0||0|0||0||0||0|||0|42,271|
|Connecticut<br>|9,631<br>|11<br>|,594<br>|5,072<br>|134<br>||0<br>|7<br>||0<br>|||0<br>||0<br>|0<br>|0<br>||0<br>|||0<br>||0<br>|0<br>||0<br>|0<br>||0<br>||0<br>||0<br>|||0<br>|26,438<br>|
|Delaware|204|2|,152|2,424|65|7|2|0||3|||4||0|17|12||0|||0||0|0||59|24||0||4||0|||0|5,040|
|District of Columbia|8||54|2|0||0|0||0|||0||0|0|0||0|||0||0|0||0|0||0||0||0|||0|64|
|Florida|15,907|50|,796|28,981|2,268|1,95|7|121||8|||9||0|2,248|1,135||2||4|0||5|0||36|19||0||0||0|||0|103,532|
|Georgia<br>|14,111<br>|16|,635<br>|15,227<br>|448<br>|75<br><br>|8<br>|0<br>|1<br>|0<br>||1<br>|4<br>||0<br>|1,772<br>|1,796<br>||4<br>|||0<br>||0<br>|0<br>||10<br>|9<br>||1<br>||0<br>||0<br>|||0<br>|50,795<br>|
|Guam|0||100|55|12||3|0|||||0||0|1|0||0|||0||0|0||0|0||0||0||0|||0|171|
|Hawaii|1,248||0|0|0||0|0||0|||0||0|0|0||0|||1||3|0||0|0||0||0||0|||0|1,252|
|Idaho|1944|3|609|5227|190|18|9|0|||||4||0|273|455||1||2|2||4|1||1|2||0||0||3|||0|11925|
|Illinois|,<br>87,190|24|,<br>,412|,<br>17,227|0|1,03|2|0||0|||0||0|0|0||0|||0||0|0||0|0||0||0||0|||0|,<br>129,861|
|Indiana|81,935|25|,519|20,227|1,113|80|8|0||2|||3||0|13|629||5||2|8||0|0||31|13||1||2||4|||0|130,333|
|Iowa|8,785||267|4,596|27||4|37||0|||1||0|0|71||0|||4||2|0||0|0||0||0||0|||0|13,794|
|Kansas|894|7|086|8702|311|39|6|3||1|||3||1|486|530||2|||2||0|0||6|10||0||0||0|||0|18433|
|Kentucky|264,140|12|,<br>,155|,<br>14,847|254|64|8|1||9||1|1||0|1,491|2,315||2|||2||2|0||6|8||0||0||0|||0|,<br>295,891|
|Louisiana|1,945|14|,708|17,368|697|79|3|0||5||1|1||2|884|1,323||3|||0||0|0||1|10||1||0||1|||0|37,752|
|Maine|299|4|048|4387|135|17|1|2||0|||0||0|70|165||0|||6||7|0||4|3||0||0||0|||0|9297|
|Mariana Islands|0||,<br>0|,<br>0|0||0|0||0|||0||0|0|0||0|||0||0|0||0|0||0||0||0|||0|,<br>0|
|Maryland|1,512|3|,220|8,310|96||9|0||0|||3||0|72|213||2||1|4||3|1||1|6||1||0||0|||0|13,463|
|Massachusetts|5214||083|3931|402|17|5|0|||||1||0|2|5||0|||1||0|1||42|23||5||0||0|||0|15885|
|Michigan|,<br>16,786|13|,<br>,634|,<br>17,604|385|23|8<br>1|,025||1|||4||0|5|489||2||6|9||24|0||4|1||1||2||3|||1|,<br>50,278|
|Minnesota|18,939|9|,373|14,173|486|33|0|0||1|||2||0|176|512||0|||8||11|0||2|6||0||0||2|||2|44,023|
|Mississippi<br>Missouri|618<br>5884|9<br>21|,785<br>135|13,191<br>22852|267<br>1004|52<br><br>106|3<br>0|9<br>0|2<br>1|8<br>1||2<br>1|0<br>6||0<br>0|1,171<br>1131|1,874<br>1754||1<br>3||9|0<br>9||0<br>11|0<br>4||6<br>33|6<br>25||3<br>6||2<br>0||0<br>3|||0<br>0|27,504<br>55031|
|Montana|,<br>852|2|,<br>,848|,<br>5,170|,<br>90|,<br><br>19|7|10||1|||4||6|,<br>391|,<br>828||1||1|1||4|0||0|2||0||0||0|||0|,<br>10,415|
|Nebraska|4,258||173|3,724|23|1|0|0||1|||0||0|5|96||1|||7||0|0||0|0||1||0||0|||0|8,299|
|Nevada<br>|1,543<br>|4<br>|,889<br>|3,272<br>|193<br>|28<br><br>|7<br>|0<br>||0<br>|||0<br>||0<br>|284<br>|163<br>||0<br>|||1<br>||0<br>|0<br>||0<br>|0<br>||0<br>||0<br>||0<br>|||0<br>|10,632<br>|
|New Hampshire|3,630|4|,847|4,165|95||2|1||0|||0||0|0|23||1||6|9||11|1||2|2||0||0||1|||0|12,850|
|<br>New Jersey|0|3|,462|4,704|147||0|0||0|||0||0|0|0||0|||0||0|0||0|0||0||0||0|||0|8,313|
|New Mexico|829|5|,247|4,974|334|27|7|0||2|||3||1|397|618||1||3|3||0|0||0|4||0||1||0|||0|12,721|
|New York<br>|2,906<br>|8<br>|,650<br>|23,519<br>|665<br>|14<br><br>|9<br>|0<br>||0<br>|||3<br>||0<br>|16<br>|25<br>||0<br>|||0<br>||0<br>|0<br>||243<br>|220<br>||16<br>||5<br>||4<br>|||0<br>|36,421<br>|
|North Carolina|22,469|1|,370|20,107|576|20|2|0|1|6||2|5||0|1,771|2,644||7|||0||0|0||2|26||1||1||0|||0|49,217|
|North Dakota|453|1|,720|3,744|65|7|9|0||0|||3||0|65|157||0|||0||0|0||1|1||0||0||0|||0|6,288|
|Ohio<br>|9,338<br>|34<br>|,878<br>|31,817<br>|1,392<br>|1,48<br><br>|3<br>|0<br>|2<br>|4<br>||1<br>|6<br>||1<br>|1,228<br>|1,389<br>||4<br>|||0<br>||0<br>|0<br>||21<br>|22<br>||1<br>||1<br>||0<br>|||1<br>|81,616<br>|
|Oklahoma|0|15|,005|14,753|778|99|8|0|1|1|||7||1|1,639|2,226||6|||0||0|0||11|21||0||0||1|||0|35,457|
|Oregon|35|13|,586|11,832|0||0|0||0|||0||0|0|0||0|||0||0|0||0|0||0||0||0|||0|25,453|
|Pennsylvania|24,136|62|,752|16,297|0||0|58||0|||0||0|0|0||0||44|6||147|0||0|0||0||0||0|||0|103,836|
|Puerto Rico<br>|0<br>|1|,033<br>|170<br>|11<br>|2<br><br>|0<br>|0<br>||0<br>|||0<br>||0<br>|6<br>|1<br>||0<br>|||0<br>||0<br>|0<br>||0<br>|0<br>||0<br>||0<br>||1<br>|||0<br>|1,242<br>|
|Rhode Island|0||954|932|57|13|5|0|||||0||0|3|4||0|||0||0|0||12|2||1||1||0|||0|2,101|
|South Carolina|7,284|11|,452|10,393|561|43|8|0||3|||8||0|979|912||3||1|6||4|0||4|6||0||1||0|||0|32,064|
|South Dakota<br>|819<br>|2<br>|,765<br>|5,484<br>|143<br>|15<br><br>|1<br>|0<br>||0<br>|||1<br>||0<br>|123<br>|239<br>||0<br>|||0<br>||0<br>|0<br>||1<br>|1<br>||0<br>||0<br>||0<br>|||0<br>|9,727<br>|
|Tennessee|9,509|28|,815|24,023|0|1,30|0|0||0|||0||0|0|0||0||1|7||1|5||0|0||0||0||0|||0|63,670|
|Texas|21,550|56|,941|51,670|2,532|3,04|8|0|2|9||2|0||0|5,748|5,331|2|1|||1||2|1||42|36||4||1||5|||0|146,982|
|Utah|10,429|4|,314|5,857|195|26|2|0||0|||1||0|209|285||1||14|0||58|21||0|0||0||0||0|||0|21,772|
|Vermont|0|1|189|1826|49|7|0|0||0|||1||0|0|1||0|||0||0|0||0|0||0||0||0|||0|3136|
|Virgin Islands|93||,<br>13|,<br>2|0||1|0||0|||0||0|0|0||0|||0||0|0||0|0||0||0||0|||0|,<br>109|
|Viii|622|2|052|22348|97|||0|||||||0|0|0||0|||0||4|0||0|0||0||0||0|||0|48010|
|rgna<br>Washington|10314|1|,<br>822|,<br>12425|1238|60|6|4|||||8||0|1096|1129||3||35|6||159|3||444|340||19||6||9|||0|,<br>43989|
|West Virginia|,<br>2,217|6|,<br>,953|,<br>11,561|,<br>224|47|8|2||4|||9||0|,<br>923|,<br>2,678||3|||0||0|0||3|8||0||0||0|||0|,<br>25,063|
|<br>Wisconsin|5,867|13|,700|17,759|458|4|5|0||0|||3||0|124|513||3||1|5||20|4||10|15||1||0||3|||1|38,541|
|Wyoming|383|1|,745|2,372|87|10|4|1||0|||4||0|132|184||0|||0||0|0||1|2||0||0||2|||0|5,017|
|Totals|804,006|67|1,330|636,903|26,59|7<br>23,01|5<br>|1,281|21|8||24|9||13|29,905|38,487|1|02||1,6|56||533|44|0|0<br>1,067|905||65||31||45|||5|2,236,457|



*Refers to frames, receivers and other firearms that are not either handguns or long guns (rifles or shotguns), such as firearms having a pistol grip that expel a shotgun shell 

**NOTES:** 

**Multiple (multiple types of firearms selected) 

Some states may reflect lower than expected numbers for handgun checks based on varying state laws pertaining to handgun permits Since the permit check is done in place of the NICS check in most of the affected states, the low handgun statistics are often balanced out by a higher number of handgun permit checks 

**DISCLAIMERS:** 

These statistics represent the number of firearm background checks initiated through the NICS  They do not represent the number of firearms sold  Based on varying state laws and purchase scenarios, a one-to-one correlation cannot be made between a firearm background check and a firearm sale 

Page 1 of 205 

