Form

# 1040 2025

Department of the Treasury—Internal Revenue Service U.S. Individual Income Tax Return OMB No. 1545-0074IRS Use Only—Do not write or staple in this space. For the year Jan. 1–Dec. 31, 2025, or other tax year beginning , 2025, ending , 20 See separate instructions.

Filed pursuant to section 301.9100-2 Combat zone Deceased MM      DD      YYYY / / Spouse MM      DD      YYYY / /

Other

Your first name and middle initial Last name Your social security number

If joint return, spouse’s first name and middle initial Last name Spouse’s social security number

Home address (number and street). If you have a P.O. box, see instructions. Apt. no. Check here if your main home, and your spouse’s if filing a joint return, was in the U.S. for more than half of 2025. City, town, or post office. If you have a foreign address, also complete spaces below. State ZIP codePresidential Election Campaign Check here if you, or your spouse if filing jointly, want $3 to go to Foreign country name                                        Foreign province/state/county                                       Foreign postal code   this fund. Checking a box below will not change your tax or refund. You Spouse Filing StatusSingle Head of household (HOH) Check only  Married filing jointly (even if only one had income) Qualifying surviving spouse (QSS) one box. Married filing separately (MFS). Enter spouse’s SSN above If you checked the HOH or QSS box, enter the child’s name if the qualifying person is a child but not your dependent: and full name here:

If treating a nonresident alien or dual-status alien spouse as a U.S. resident for the entire tax year, check the box and enter their name (see instructions and attach statement if required): Digital AssetsAt any time during 2025, did you: (a) receive (as a reward, award, or payment for property or services); or (b) sell, exchange, or otherwise dispose of a digital asset (or a financial interest in a digital asset)? (See instructions.) . .Yes No DependentsDependent 1 Dependent 2 Dependent 3 Dependent 4 (see instructions)(1) First name (2) Last name If more than four (3) SSN dependents, (4) Relationship see instructions (5) Check if lived (a)Yes(a)Yes(a)Yes(a)Yes and check with you more here . .than half of 2025(b)And in the U.S.(b)And in the U.S.(b)And in the U.S.(b)And in the U.S.

(6) Check if

| Full-time<br>student | Permanently<br>and totally<br>disabled | Full-time<br>student | Permanently<br>and totally<br>disabled | Full-time<br>student | Permanently<br>and totally<br>disabled | Full-time<br>student |
| --- | --- | --- | --- | --- | --- | --- |
| Child tax<br>credit | Credit for<br>other<br>dependents | Child tax<br>credit | Credit for<br>other<br>dependents | Child tax<br>credit | Credit for<br>other<br>dependents | Child tax<br>credit |

Permanently and totally disabled (7) Credits Credit for other dependents Check if your filing status is MFS or HOH and you lived apart from your spouse for the last 6 months of 2025, or you are legally separated according to your state law under a written separation agreement or a decree of separate maintenance and you did not live in the same household as your spouse at the end of 2025. Income 1 aTotal amount from Form(s) W-2, box 1 (see instructions) . . . . . . . . . . . . .1a Attach Form(s) bHousehold employee wages not reported on Form(s) W-2 . . . . . . . . . . . . .1b W-2 here. Also cTip income not reported on line 1a (see instructions) . . . . . . . . . . . . . .1c attach Forms W-2G and dMedicaid waiver payments not reported on Form(s) W-2 (see instructions)  . . . . . . . .1d 1099-R if tax eTaxable dependent care benefits from Form 2441, line 26  . . . . . . . . . . . .1e was withheld. fEmployer-provided adoption benefits from Form 8839, line 31  . . . . . . . . . . .1f If you did not get a Form gWages from Form 8919, line 6  . . . . . . . . . . . . . . . . . . . . .1g W-2, see instructions.hOther earned income (see instructions). Enter type and amount:1h iNontaxable combat pay election (see instructions)  . . . . . . .1i zAdd lines 1a through 1h  . . . . . . . . . . . . . . . . . . . . . .1z

Attach Sch. B  2aTax-exempt interest . . .2a b  Taxable interest  . . . . .2b if required.3aQualified dividends . . .3a b  Ordinary dividends . . . . .3b

cCheck if your child’s dividends are included in1Line 3a 2Line 3b 4aIRA distributions . . . .4a b  Taxable amount . . . . . .4b

cCheck if (see instructions) . . . . .1Rollover2QCD3 5aPensions and annuities . .5a b  Taxable amount . . . . . .5b cCheck if (see instructions) . . . . .1Rollover2PSO3

6aSocial security benefits . .6a b  Taxable amount . . . . . .6b cIf you elect to use the lump-sum election method, check here (see instructions)  . . . . . dIf you are married filing separately and lived apart from your spouse the entire year (see inst.), check here

7aCapital gain or (loss). Attach Schedule D if required  . . . . . . . . . . . . . .7a bCheck if: Schedule D not required Includes child’s capital gain or (loss) 8Additional income from Schedule 1, line 10 . . . . . . . . . . . . . . . . .8

9Add lines 1z, 2b, 3b, 4b, 5b, 6b, 7a, and 8. This is your total income . . . . . . . . .9 10 Adjustments to income from Schedule 1, line 26 . . . . . . . . . . . . . . .10 11aSubtract line 10 from line 9. This is your adjusted gross income . . . . . . . . . .11a For Disclosure, Privacy Act, and Paperwork Reduction Act Notice, see separate instructions. Cat. No. 11320B Form 1040 (2025) Created 9/5/25