|Form<br>**1040 **|<br>U.S. Individual Income Tax R<br>Department of the Treasury—Internal Revenue Service|**2025**<br>eturn<br>OMB No. 1545-0074<br>IRS Use Only—Do not write o|r staple in this space.|
|---|---|---|---|
|For the year Jan.|1–Dec. 31, 2025, or other tax year beginning<br>|, 2025, ending<br>, 20<br>See s|eparate instructions.|
|Filed pursuant t|o section 301.9100-2<br>Combat zone|Deceased<br>MM DD YYYY<br>/<br>/<br>Spouse|MM DD YYYY<br>/<br>/|
|Other||||
|Your first name a|nd middle initial|Last name<br>**Your social**|**security number**|
|If joint return, spo|use’s first name and middle initial|Last name<br>**Spouse’s so**|**cial security number**|
|Home address (n|umber and street). If you have a P.O. box, see instru|ctions.<br>Apt. no.<br>Check here if yo<br>spouse’s if filing<br>the U.S. for mor|ur main home, and your<br>a joint return, was in<br>e than half of 2025.|
|City, town, or pos|t office. If you have a foreign address, also complete|spaces below.<br>State<br>ZIP code<br>**Presidential**<br>f|**Election Campaign**<br>|
|||Check here i<br>if filing jointly,<br>|you, or your spouse<br>want $3 to go to<br>|
|Foreign country n|ame<br>Foreign|province/state/county<br>Foreign postal code<br>this fund. Che<br>will not chang<br>**You**|cking a box below<br>e your tax or refund.<br>**Spouse**|
|**Filing Status**|Single|Head of household (HOH)||
|Check onl|Married filing jointly (even if only one had|income)<br>Qualifying surviving spouse (QSS)||
|y<br>one box.|Married filing separately (MFS). Enter sp<br>and full name here:|ouse’s SSN above<br>If you checked the HOH or QSS box, ente<br>if the qualifying person is a child but not y|r the child’s name<br>our dependent:|
||If treating a nonresident alien or dual-sta<br>name(see instructions and attach statem|tus alien spouse as a U.S. resident for the entire tax year, check the box<br>ent if required):|and enter their|
|**Digital Assets**|At any time during 2025, did you: (a) receiv<br>exchange,or otherwise dispose of a digital|e (as a reward, award, or payment for property or services); or (b) sell,<br>asset(or a financial interest in a digital asset)?(See instructions.)<br>.<br>.|**Yes**<br>**No**|
|**Dependents**|**Dependent 1**|**Dependent 2**<br>**Dependent 3**<br>**De**|**pendent 4**|
|(see instructions)|**(1)**First name|||
|If more|**(2)**Last name<br>|||
|than four|**(3)**SSN|||
|dependents,<br>see instructions|**(4)**Relationship<br>|||
|<br>and check|**(5)** Check if lived<br>ith<br>**(a)**<br>Yes|**(a)**<br>Yes<br>**(a)**<br>Yes<br>**(a)**<br>Ye|s|
|here<br>.<br>.|w you more<br>than half of 2025<br>**(b)**<br>And in the U.S.|**(b)**<br>And in the U.S.<br>**(b)**<br>And in the U.S.<br>**(b)**<br>An|d in the U.S.|
||**(6)**Check if<br>Full-time<br>student<br>Permanently<br>and totally<br>disabled|Full-time<br>student<br>Permanently<br>and totally<br>disabled<br>Full-time<br>student<br>Permanently<br>and totally<br>disabled<br>Full-time<br>student|<br>Permanently<br>and totally<br>disabled|
||**(7)**Credits<br>Child tax<br>credit<br>Credit for<br>other|Child tax<br>credit<br>Credit for<br>other<br>Child tax<br>credit<br>Credit for<br>other<br>Child tax<br>credit|<br>Credit for<br>other|
||<br>dependents<br>|<br>dependents<br><br> <br>dependents<br><br>|<br>dependents<br>|
||Check if your filing status is MFS or HOH<br>separated according to your state law un<br>live in the same household asyour spous|and you lived apart from your spouse for the last 6 months of 2025, or y<br>der a written separation agreement or a decree of separate maintenance<br>e at the end of 2025.|ou are legally<br>and you did not|
|**Income**|**1**<br>**a**<br>Total amount from Form(s) W-2, box 1|(see instructions)<br>.<br>.<br>.<br>.<br>.<br>.<br>.<br>.<br>.<br>.<br>.<br>.<br>.<br>**1a**||
|**Attach Form(s)**<br>|**b**<br>Household employee wages not report<br>|ed on Form(s) W-2 .<br>.<br>.<br>.<br>.<br>.<br>.<br>.<br>.<br>.<br>.<br>.<br>.<br>**1b**<br> <br>||
|**W-2 here. Also**<br>|**c**<br>Tip income not reported on line 1a (see|instructions)<br>.<br>.<br>.<br>.<br>.<br>.<br>.<br>.<br>.<br>.<br>.<br>.<br>.<br>.<br>**1c**||
|**attach Forms**<br>**W-2G and**<br>|**d**<br>Medicaid waiver payments not reporte|d on Form(s) W-2 (see instructions)  .<br>.<br>.<br>.<br>.<br>.<br>.<br>.<br>**1d**||
|**1099-R if tax**<br>**was withheld.**|**e**<br>Taxable dependent care benefits from<br><br>|Form 2441, line 26<br>.<br>.<br>.<br>.<br>.<br>.<br>.<br>.<br>.<br>.<br>.<br>.<br>**1e**<br> <br>||
|If you did not|**f**<br>Employer-provided adoption benefits f|rom Form 8839, line 31<br>.<br>.<br>.<br>.<br>.<br>.<br>.<br>.<br>.<br>.<br>.<br>**1f**||
|<br>get a Form<br>W-2 see|**g**<br>Wages from Form 8919, line 6  .<br>.<br>.<br><br>|.<br>.<br>.<br>.<br>.<br>.<br>.<br>.<br>.<br>.<br>.<br>.<br>.<br>.<br>.<br>.<br>.<br>.<br>**1g**<br> <br>||
|,<br>instructions.|**h**<br>Other earned income (see instructions)|. Enter type and amount:<br>**1h**||
||**i**<br>Nontaxable combat pay election (see i|nstructions)  .<br>.<br>.<br>.<br>.<br>.<br>.<br>**1i**||
||**z**<br>Add lines 1a through 1h<br>.<br>.<br>.<br>.|.<br>.<br>.<br>.<br>.<br>.<br>.<br>.<br>.<br>.<br>.<br>.<br>.<br>.<br>.<br>.<br>.<br>.<br>**1z**||
|Attach Sch. B|<br>**2a**<br>Tax-exempt interest .<br>.<br>.<br>**2a**|**b**Taxable interest<br>.<br>.<br>.<br>.<br>.<br>**2b**||
|if required.|**3a**<br>Qualified dividends .<br>.<br>.<br>**3a**|**b**Ordinary dividends .<br>.<br>.<br>.<br>.<br>**3b**||
||**c**<br>Check if your child’s dividends are include|d in<br>**1**<br>Line 3a<br>**2**<br>Line 3b||
||<br>**4a**<br>IRA distributions .<br>.<br>.<br>.<br>**4a**|<br>**b**Taxable amount .<br>.<br>.<br>.<br>.<br>.<br>**4b**||
||**c**<br>Check if (see instructions)<br>.<br>.<br>.<br>.|.<br>**1**<br>Rollover<br>**2**<br>QCD<br>**3**||
||<br>**5a**<br>Pensions and annuities .<br>.<br>**5a**|**b**Taxable amount .<br>.<br>.<br>.<br>.<br>.<br>**5b**||
||**c**<br>Check if (see instructions)<br>.<br>.<br>.<br>.|.<br>**1**<br>Rollover<br>**2**<br>PSO<br>**3**||
||**6a**<br>Social security benefits .<br>.<br>**6a**|**b**Taxable amount .<br>.<br>.<br>.<br>.<br>.<br>**6b**||
||<br>**c**<br>If you elect to use the lump-sum electio|n method, check here (see instructions)<br>.<br>.<br>.<br>.<br>.||
||**d**<br>If you are married filing separately and live<br><br>|d apart from your spouse the entire year (see inst.), check here<br> <br>||
||**7a**<br>Capital gain or (loss). Attach Schedule|D if required<br>.<br>.<br>.<br>.<br>.<br>.<br>.<br>.<br>.<br>.<br>.<br>.<br>.<br>.<br>**7a**||
||**b**<br>Chk if<br>Shdl D t id|Ild hild’ itl i  l||
||ec :<br>ceue  no requre|ncues cs capa gan or (oss)||
||**8**<br>Additional income from Schedule 1, lin|e 10 .<br>.<br>.<br>.<br>.<br>.<br>.<br>.<br>.<br>.<br>.<br>.<br>.<br>.<br>.<br>.<br>.<br>**8**||
||<br>**9**<br>Add lines 1z, 2b, 3b, 4b, 5b, 6b, 7a, an<br>**10**<br>Adtt t i f Shdl|<br>d 8. This is your**total income**<br>.<br>.<br>.<br>.<br>.<br>.<br>.<br>.<br>.<br>**9**<br>1 li 26<br>**10**||
||<br>jusmens o ncome rom ceue<br>**11a**<br>Subtract line 10 from line 9. This isyou|, ne<br>.<br>.<br>.<br>.<br>.<br>.<br>.<br>.<br>.<br>.<br>.<br>.<br>.<br>.<br>.<br><br>r**adjustedgross income**<br>.<br>.<br>.<br>.<br>.<br>.<br>.<br>.<br>.<br>.<br>**11a**||



|**For Disclosure, Privacy Act, and Paperwork Reduction Act Notice, see separate instructions.**|
|---|



|Cat. No. 11320B|Form**1040 **(2025) Created 9/5/25|
|---|---|



