DOCUMENT NO. DATE PAYEE NAME OBLIGATION/SERVICE DESCRIPTION AMOUNT ($)
START END
POSTED DATES
37,499.96DISTRICT DIRECTORBAIN, J MATTHEW
21,000.00LEGISLATIVE CORRESPONDENTSMITH, ALVARO R
12,111.06LEGISLATIVE CORRESPONDENT TO JUL. 15 AND FROM AUG. 11 TO AUG. 14ARMER, DEREK A
25,499.96STAFF ASSISTANTENGLERT, PAYTON A
31,111.08DISTRICT DIRECTOR FROM MAY 23CAMPBELL, CLAYTON D
26,874.99LEGISLATIVE ASSISTANT FROM MAY 22VELEZ-GREEN, ALEXANDER J
446.87INTERN FROM SEP. 18BOLLINGER, ERIN S
11,188.87LEGISLATIVE CORRESPONDENT FROM JUL. 15KISHI, DANIEL M
1,260.00INTERN FROM SEP. 10LAVALLEY, ROBERT CLINTON
1,458.33FIELD REPRESENTATIVE FROM SEP. 16GRUENDER, BENJAMIN L
920.68STAFF TRANSPORTATION03/06/201903/04/2019DHAW20190001 05/03/2019 CITIBANK - TRAVEL CBA CARD
AIRFARE FOR E JOHNSON KANSAS CITY TO WASHINGTON DC AND RETURN
907.96STAFF TRANSPORTATION05/15/201903/10/2019DHAW20190002 05/24/2019 CITIBANK - TRAVEL CBA CARD
AIRFARE FOR S COWING KANSAS CITY TO WASHINGTON DC AND RETURN
737.94STAFF TRANSPORTATION03/02/201903/01/2019DHAW20190003 05/03/2019 CITIBANK - TRAVEL CBA CARD
AIRFARE FOR M BERG WASHINGTON DC TO SAINT LOUIS AND RETURN
903.90STAFF TRANSPORTATION03/24/201903/21/2019DHAW20190004 04/03/2019 CITIBANK - TRAVEL CBA CARD
AIRFARE FOR K FORD 3/21 WASHINGTON DC TO SAINT LOUIS, KANSAS CITY; 3/24 SAINT LOUIS TO
WASHINGTON DC
798.90SENATOR'S TRANSPORTATION03/24/201903/21/2019DHAW20190005 05/28/2019 CITIBANK - TRAVEL CBA CARD
AIRFARE FOR SEN HAWLEY AS FOLLOWS: 3/21 WASHINGTON DC TO SAINT LOUIS TO KANSAS
CITY; 3/24 SAINT LOUIS TO WASHINGTON DC
521.00STAFF TRANSPORTATION04/17/201904/16/2019DHAW20190026 05/03/2019 CITIBANK - TRAVEL CBA CARD
AIRFARE FOR M BERG WASHINGTON DC TO SPRINGFIELD AND RETURN
349.60STAFF TRANSPORTATION04/18/201904/15/2019DHAW20190027 05/02/2019 CITIBANK - TRAVEL CBA CARD
AIRFARE FOR R LEAVITT WASHINGTON DC TO KANSAS CITY, SAINT LOUIS AND RETURN
477.60STAFF TRANSPORTATION05/09/201905/07/2019DHAW20190029 05/16/2019 CITIBANK - TRAVEL CBA CARD
AIRFARE FOR D HARTMAN SAINT LOUIS MO TO WASHINGTON DC AND RETURN
618.00SENATOR'S TRANSPORTATION05/11/201905/10/2019DHAW20190031 05/28/2019 CITIBANK - SENATOR IBA CARD
TRAIN FARE FOR SEN HAWLEY WASHINGTON DC TO NEW YORK NY AND RETURN
553.30SENATOR'S TRANSPORTATION05/25/201905/24/2019DHAW20190032 06/13/2019 CITIBANK - SENATOR IBA CARD
AIRFARE FOR SEN HAWLEY WASHINGTON DC TO SPRINGFIELD MO, SAINT LOUIS MO AND
RETURN
601.30STAFF TRANSPORTATION05/25/201905/24/2019DHAW20190033 06/04/2019 CITIBANK - TRAVEL CBA CARD
AIRFARE FOR M BERG WASHINGTON DC TO SPRINGFIELD, ST. LOUIS AND RETURN
601.30STAFF TRANSPORTATION05/25/201905/24/2019DHAW20190034 06/04/2019 CITIBANK - TRAVEL CBA CARD
AIRFARE FOR R BURLESON WASHINGTON DC TO SPRINGFIELD, ST. LOUIS AND RETURN
304.30STAFF TRANSPORTATION05/31/201905/29/2019DHAW20190040 06/04/2019 CITIBANK - TRAVEL CBA CARD
AIRFARE FOR J RESES WASHINGTON DC TO KANSAS CITY AND RETURN
697.00SENATOR'S TRANSPORTATION04/27/201904/13/2019DHAW20190041 06/13/2019 CITIBANK - TRAVEL CBA CARD
AIRFARE FOR SEN HAWLEY WASHINGTON DC TO SPRINGFIELD MO, AMARILLO TX AND RETURN
1,112.00STAFF TRANSPORTATION07/07/201906/29/2019DHAW20190045 07/10/2019 CITIBANK - SENATOR IBA CARD
AIRFARE FOR SEN HAWLEY AS FOLLOWS: 6/29 WASHINGTON DC TO SPRINGFIELD; 7/7
SPRINGFIELD TO WASHINGTON DC
728.30STAFF TRANSPORTATION07/07/201907/01/2019DHAW20190046 07/11/2019 CITIBANK - TRAVEL CBA CARD
AIRFARE FOR J MACGREGOR WASHINGTON DC TO KANSAS CITY, SPRINGFIELD AND RETURN
463.30STAFF TRANSPORTATION07/03/201907/01/2019DHAW20190047 07/12/2019 CITIBANK - TRAVEL CBA CARD
AIRFARE FOR K FORD DETROIT MI TO ST LOUIS, SPRINGFIELD AND RETURN
70.00SENATOR'S TRANSPORTATION07/07/201907/07/2019DHAW20190049 07/25/2019 CITIBANK - SENATOR IBA CARD
AIRFARE FOR SEN HAWLEY SPRINGFIELD TO WASHINGTON DC
685.01STAFF TRANSPORTATION08/25/201908/17/2019DHAW20190067 09/04/2019 CITIBANK - TRAVEL CBA CARD
AIRFARE FOR C NAYLOR KANSAS CITY MO TO SAN DIEGO CA AND RETURN
411.49STAFF TRANSPORTATION08/14/201908/12/2019DHAW20190068 09/04/2019 CITIBANK - TRAVEL CBA CARD
AIRFARE FOR C MESSERVY WASHINGTON DC TO SPRINGFIELD AND RETURN
411.49STAFF TRANSPORTATION08/14/201908/12/2019DHAW20190069 09/09/2019 CITIBANK - TRAVEL CBA CARD
AIRFARE FOR A VELEZ-GREEN WASHINGTON DC TO SPRINGFIELD AND RETURN
411.49STAFF TRANSPORTATION08/14/201908/12/2019DHAW20190070 09/09/2019 CITIBANK - TRAVEL CBA CARD
AIRFARE FOR C WEIHS WASHINGTON DC TO SPRINGFIELD AND RETURN
B-1191