DOCUMENT NO.
DATE
PAYEE NAME
OBLIGATION/SERVICE
DESCRIPTION
AMOUNT ($)
START
END
POSTED
DATES
37,499.96
DISTRICT DIRECTOR
BAIN, J MATTHEW
21,000.00
LEGISLATIVE CORRESPONDENT
SMITH, ALVARO R
12,111.06
LEGISLATIVE CORRESPONDENT TO JUL. 15 AND FROM AUG. 11 TO AUG. 14
ARMER, DEREK A
25,499.96
STAFF ASSISTANT
ENGLERT, PAYTON A
31,111.08
DISTRICT DIRECTOR FROM MAY 23
CAMPBELL, CLAYTON D
26,874.99
LEGISLATIVE ASSISTANT FROM MAY 22
VELEZ-GREEN, ALEXANDER J
446.87
INTERN FROM SEP. 18
BOLLINGER, ERIN S
11,188.87
LEGISLATIVE CORRESPONDENT FROM JUL. 15
KISHI, DANIEL M
1,260.00
INTERN FROM SEP. 10
LAVALLEY, ROBERT CLINTON
1,458.33
FIELD REPRESENTATIVE FROM SEP. 16
GRUENDER, BENJAMIN L
920.68
STAFF TRANSPORTATION
03/06/2019
03/04/2019
DHAW20190001
05/03/2019
CITIBANK - TRAVEL CBA CARD
AIRFARE FOR E JOHNSON KANSAS CITY TO WASHINGTON DC AND RETURN
907.96
STAFF TRANSPORTATION
05/15/2019
03/10/2019
DHAW20190002
05/24/2019
CITIBANK - TRAVEL CBA CARD
AIRFARE FOR S COWING KANSAS CITY TO WASHINGTON DC AND RETURN
737.94
STAFF TRANSPORTATION
03/02/2019
03/01/2019
DHAW20190003
05/03/2019
CITIBANK - TRAVEL CBA CARD
AIRFARE FOR M BERG WASHINGTON DC TO SAINT LOUIS AND RETURN
903.90
STAFF TRANSPORTATION
03/24/2019
03/21/2019
DHAW20190004
04/03/2019
CITIBANK - TRAVEL CBA CARD
AIRFARE FOR K FORD 3/21 WASHINGTON DC TO SAINT LOUIS, KANSAS CITY; 3/24 SAINT LOUIS TO
WASHINGTON DC
798.90
SENATOR'S TRANSPORTATION
03/24/2019
03/21/2019
DHAW20190005
05/28/2019
CITIBANK - TRAVEL CBA CARD
AIRFARE FOR SEN HAWLEY AS FOLLOWS: 3/21 WASHINGTON DC TO SAINT LOUIS TO KANSAS
CITY; 3/24 SAINT LOUIS TO WASHINGTON DC
521.00
STAFF TRANSPORTATION
04/17/2019
04/16/2019
DHAW20190026
05/03/2019
CITIBANK - TRAVEL CBA CARD
AIRFARE FOR M BERG WASHINGTON DC TO SPRINGFIELD AND RETURN
349.60
STAFF TRANSPORTATION
04/18/2019
04/15/2019
DHAW20190027
05/02/2019
CITIBANK - TRAVEL CBA CARD
AIRFARE FOR R LEAVITT WASHINGTON DC TO KANSAS CITY, SAINT LOUIS AND RETURN
477.60
STAFF TRANSPORTATION
05/09/2019
05/07/2019
DHAW20190029
05/16/2019
CITIBANK - TRAVEL CBA CARD
AIRFARE FOR D HARTMAN SAINT LOUIS MO TO WASHINGTON DC AND RETURN
618.00
SENATOR'S TRANSPORTATION
05/11/2019
05/10/2019
DHAW20190031
05/28/2019
CITIBANK - SENATOR IBA CARD
TRAIN FARE FOR SEN HAWLEY WASHINGTON DC TO NEW YORK NY AND RETURN
553.30
SENATOR'S TRANSPORTATION
05/25/2019
05/24/2019
DHAW20190032
06/13/2019
CITIBANK - SENATOR IBA CARD
AIRFARE FOR SEN HAWLEY WASHINGTON DC TO SPRINGFIELD MO, SAINT LOUIS MO AND
RETURN
601.30
STAFF TRANSPORTATION
05/25/2019
05/24/2019
DHAW20190033
06/04/2019
CITIBANK - TRAVEL CBA CARD
AIRFARE FOR M BERG WASHINGTON DC TO SPRINGFIELD, ST. LOUIS AND RETURN
601.30
STAFF TRANSPORTATION
05/25/2019
05/24/2019
DHAW20190034
06/04/2019
CITIBANK - TRAVEL CBA CARD
AIRFARE FOR R BURLESON WASHINGTON DC TO SPRINGFIELD, ST. LOUIS AND RETURN
304.30
STAFF TRANSPORTATION
05/31/2019
05/29/2019
DHAW20190040
06/04/2019
CITIBANK - TRAVEL CBA CARD
AIRFARE FOR J RESES WASHINGTON DC TO KANSAS CITY AND RETURN
697.00
SENATOR'S TRANSPORTATION
04/27/2019
04/13/2019
DHAW20190041
06/13/2019
CITIBANK - TRAVEL CBA CARD
AIRFARE FOR SEN HAWLEY WASHINGTON DC TO SPRINGFIELD MO, AMARILLO TX AND RETURN
1,112.00
STAFF TRANSPORTATION
07/07/2019
06/29/2019
DHAW20190045
07/10/2019
CITIBANK - SENATOR IBA CARD
AIRFARE FOR SEN HAWLEY AS FOLLOWS: 6/29 WASHINGTON DC TO SPRINGFIELD; 7/7
SPRINGFIELD TO WASHINGTON DC
728.30
STAFF TRANSPORTATION
07/07/2019
07/01/2019
DHAW20190046
07/11/2019
CITIBANK - TRAVEL CBA CARD
AIRFARE FOR J MACGREGOR WASHINGTON DC TO KANSAS CITY, SPRINGFIELD AND RETURN
463.30
STAFF TRANSPORTATION
07/03/2019
07/01/2019
DHAW20190047
07/12/2019
CITIBANK - TRAVEL CBA CARD
AIRFARE FOR K FORD DETROIT MI TO ST LOUIS, SPRINGFIELD AND RETURN
70.00
SENATOR'S TRANSPORTATION
07/07/2019
07/07/2019
DHAW20190049
07/25/2019
CITIBANK - SENATOR IBA CARD
AIRFARE FOR SEN HAWLEY SPRINGFIELD TO WASHINGTON DC
685.01
STAFF TRANSPORTATION
08/25/2019
08/17/2019
DHAW20190067
09/04/2019
CITIBANK - TRAVEL CBA CARD
AIRFARE FOR C NAYLOR KANSAS CITY MO TO SAN DIEGO CA AND RETURN
411.49
STAFF TRANSPORTATION
08/14/2019
08/12/2019
DHAW20190068
09/04/2019
CITIBANK - TRAVEL CBA CARD
AIRFARE FOR C MESSERVY WASHINGTON DC TO SPRINGFIELD AND RETURN
411.49
STAFF TRANSPORTATION
08/14/2019
08/12/2019
DHAW20190069
09/09/2019
CITIBANK - TRAVEL CBA CARD
AIRFARE FOR A VELEZ-GREEN WASHINGTON DC TO SPRINGFIELD AND RETURN
411.49
STAFF TRANSPORTATION
08/14/2019
08/12/2019
DHAW20190070
09/09/2019
CITIBANK - TRAVEL CBA CARD
AIRFARE FOR C WEIHS WASHINGTON DC TO SPRINGFIELD AND RETURN
B-1191
