| OBLIGATION/SERVICE DESCRIPTION DOCUMENT NO AMOUNT DATE PAYEE NAME DATES POSTED START END | (\$) |
|------------------------------------------------------------------------------------------|------|
| BAIN ,                                                                                   |      |
| 37 ,499                                                                                  | .96  |
| SMITH ,                                                                                  |      |
| 21 ,000                                                                                  | .00  |
| 12 ,111                                                                                  | .06  |
| 25 ,499                                                                                  | .96  |
| 31 ,111                                                                                  | .08  |
| VELEZ-GREEN ,                                                                            |      |
| 26 ,874                                                                                  | .99  |
| 446                                                                                      | .87  |
| KISHI ,                                                                                  |      |
| 11 ,188                                                                                  | .87  |
| 1 ,260                                                                                   | .00  |
| 1 ,458                                                                                   | .33  |
| 920                                                                                      | .68  |
| 907                                                                                      | .96  |
| 737                                                                                      | .94  |
| 903                                                                                      | .90  |
| LOUIS ,                                                                                  |      |
| 798                                                                                      | .90  |
| 521                                                                                      | .00  |
| 349                                                                                      | .60  |
| 477                                                                                      | .60  |
| 618                                                                                      | .00  |
| 553                                                                                      | .30  |
| MO ,                                                                                     |      |
| 601                                                                                      | .30  |
| SPRINGFIELD ,                                                                            |      |
| 601                                                                                      | .30  |
| SPRINGFIELD ,                                                                            |      |
| 304                                                                                      | .30  |
| 697                                                                                      | .00  |
| MO ,                                                                                     |      |
| 1 ,112                                                                                   | .00  |
| 728                                                                                      | .30  |
| 463                                                                                      | .30  |
| LOUIS ,                                                                                  |      |
| 70                                                                                       | .00  |
| 685                                                                                      | .01  |
| 411                                                                                      | .49  |
| 411                                                                                      | .49  |
| 411                                                                                      | .49  |